// Jest Snapshot v1, https://goo.gl/fbAQLP

exports[`getFileTemplate getFileTemplate 1`] = `
"
import React from 'react';
import PropTypes from 'prop-types';    

import Icon from './icon.svg';
import Icon2 from './icon-2.svg';
    
const iconsMap = new Map([
  ['Icon', Icon]
  ['Icon2', Icon2]
]);
    
const IconComponent = ({ icon, ...rest}) => {
  const Icon = iconsMap.get(icon);

  return Icon ? <Icon {...rest} /> : null;
};

IconComponent.propTypes = {
  icon: PropTypes.oneOf([,
    'Icon',
    'Icon2'])
};

export default IconComponent;
  "
`;
